// Jest Snapshot v1, https://goo.gl/fbAQLP

exports[`Pruebas Unitarias de <AddCategory /> Debe generar el snapshot de <AddCategory /> 1`] = `
<form
  onSubmit={[Function]}
>
  <p />
  <input
    onChange={[Function]}
    type="text"
    value=""
  />
</form>
`;
